// Jest Snapshot v1, https://goo.gl/fbAQLP

exports[`Box component renders correctly 1`] = `
<div
  className="bg-white border-border-grey shadow-shadow-grey drop-shadow-lg font-poppins font-normal box-border p-4 border-2 rounded-[20px] flex content-center m-auto aspect-square w-9/12 md:w-box-width md:h-box-height"
>
  <p>
    Example child content
  </p>
</div>
`;
