// Jest Snapshot v1, https://goo.gl/fbAQLP

exports[`matches snapshot 1`] = `
<footer
  className="bg-light-yellow text-black py-8"
>
  <div
    className="container mx-auto flex flex-wrap items-center justify-between font-poppins"
  >
    <div
      className="w-full md:w-1/2 md:text-left mb-6 md:mb-0"
    >
      <h4
        className="text-4xl mb-2"
      >
        Subscribe
      </h4>
      <p
        className="text-2xl mb-4 text-footer-gray font-light"
      >
        Weâ€™ll never spam or share your email
      </p>
      <div
        className="flex flex-col"
      >
        <form
          className="mb-4 flex content-end"
        >
          <input
            className="border-2 w-80 h-14 px-2 rounded-md text-black border-footer-gray rounded-tr-none rounded-br-none"
            id="email"
            placeholder="Enter your email address"
            type="email"
          />
          <button
            className="bg-button-blue border-2 border-l-0 w-16 h-14 px-4 rounded-sm text-sm border-footer-gray rounded-tl-none rounded-bl-none"
            type="submit"
          >
            <img
              alt="Button logo"
              src="SubmitButton.png"
            />
          </button>
        </form>
      </div>
    </div>
    <div
      className="w-full md:w-1/2 md:text-left mb-6 md:mb-0"
    >
      <nav
        className="flex justify-center mb-7"
      >
        <button
          className="px-7 py-1 font-light text-2xl rounded-md text-footer-gray"
          type="button"
        >
          Home
        </button>
        <button
          className="px-7 py-1 font-light text-2xl rounded-md text-footer-gray"
          type="button"
        >
          Blogs
        </button>
        <button
          className="px-7 py-1 font-light text-2xl rounded-md text-footer-gray"
          type="button"
        >
          About
        </button>
        <button
          className="px-7 py-1 font-light text-2xl rounded-md text-footer-gray"
          type="button"
        >
          Contact
        </button>
      </nav>
      <div
        className="flex justify-center"
      >
        <a
          className="px-5"
          href="https://twitter.com/DiariHama"
          rel="noreferrer"
          target="_blank"
        >
          <img
            alt="twitter logo"
            src="twitter.png"
          />
        </a>
        <a
          className="px-5"
          href="https://twitter.com/DiariHama"
          rel="noreferrer"
          target="_blank"
        >
          <img
            alt="facebook logo"
            src="facebook.png"
          />
        </a>
        <a
          className="px-5"
          href="https://twitter.com/DiariHama"
          rel="noreferrer"
          target="_blank"
        >
          <img
            alt="gmail logo"
            src="gmail.png"
          />
        </a>
      </div>
    </div>
  </div>
</footer>
`;
